// Jest Snapshot v1, https://goo.gl/fbAQLP

exports[`Pruebas HooksApp Debe mostrearse correctamente 1`] = `
<div>
  <h1>
    Hola mundo
  </h1>
</div>
`;
