// Jest Snapshot v1, https://goo.gl/fbAQLP

exports[`Pruebas componente <HomeScreen /> Debe mostrarse correctamente 1`] = `
<div>
  <h1>
    HomeScreen
  </h1>
  <hr />
  <pre
    className="container"
  >
    {
   "name": "Ivan",
   "email": "email@email.com"
}
  </pre>
</div>
`;
